
> quiet-days@0.1.0 test:browser
> python tests/e2e/browser_test.py

Traceback (most recent call last):
  File "/mnt/data/quiet-days/tests/e2e/browser_test.py", line 23, in <module>
    page.goto(url);expect(page.get_by_label('設定密語',exact=True)).to_be_visible();passed('native ESM loads under CSP from the local origin')
    ~~~~~~~~~^^^^^
  File "/opt/pyvenv/lib/python3.13/site-packages/playwright/sync_api/_generated.py", line 9050, in goto
    self._sync(
    ~~~~~~~~~~^
        self._impl_obj.goto(
        ^^^^^^^^^^^^^^^^^^^^
            url=url, timeout=timeout, waitUntil=wait_until, referer=referer
            ^^^^^^^^^^^^^^^^^^^^^^^^^^^^^^^^^^^^^^^^^^^^^^^^^^^^^^^^^^^^^^^
        )
        ^
    )
    ^
  File "/opt/pyvenv/lib/python3.13/site-packages/playwright/_impl/_sync_base.py", line 115, in _sync
    return task.result()
           ~~~~~~~~~~~^^
  File "/opt/pyvenv/lib/python3.13/site-packages/playwright/_impl/_page.py", line 552, in goto
    return await self._main_frame.goto(**locals_to_params(locals()))
           ^^^^^^^^^^^^^^^^^^^^^^^^^^^^^^^^^^^^^^^^^^^^^^^^^^^^^^^^^
  File "/opt/pyvenv/lib/python3.13/site-packages/playwright/_impl/_frame.py", line 153, in goto
    await self._channel.send(
        "goto", self._navigation_timeout, locals_to_params(locals())
    )
  File "/opt/pyvenv/lib/python3.13/site-packages/playwright/_impl/_connection.py", line 69, in send
    return await self._connection.wrap_api_call(
           ^^^^^^^^^^^^^^^^^^^^^^^^^^^^^^^^^^^^^
    ...<3 lines>...
    )
    ^
  File "/opt/pyvenv/lib/python3.13/site-packages/playwright/_impl/_connection.py", line 559, in wrap_api_call
    raise rewrite_error(error, f"{parsed_st['apiName']}: {error}") from None
playwright._impl._errors.Error: Page.goto: net::ERR_BLOCKED_BY_ADMINISTRATOR at http://127.0.0.1:57291/
Call log:
  - navigating to "http://127.0.0.1:57291/", waiting until "load"

{"mode": "served-origin E2E; no mocks", "status": "blocked", "error": "Page.goto: net::ERR_BLOCKED_BY_ADMINISTRATOR at http://127.0.0.1:57291/\nCall log:\n  - navigating to \"http://127.0.0.1:57291/\", waiting until \"load\"\n", "seconds": 1.37, "checks": []}
